// Jest Snapshot v1, https://goo.gl/fbAQLP

exports[`<App /> renders correctly 1`] = `
<div
  className="container"
>
  <section
    className="section"
  >
    <h1
      className="title"
    >
      This is an exchange rates.
    </h1>
    <h1
      className="subtitle"
    >
      Select a currency and type an amount and we'll calculate a rate for you!
    </h1>
  </section>
  <div
    className="box"
  >
    <section
      className="section"
    >
      <div
        className="columns is-multiline"
      >
        <div
          className="column"
        >
          <div
            className="field has-addons is-align-items-flex-end"
          >
            <div
              className="control"
            >
              <div
                className="field"
              >
                <label
                  className="label"
                >
                  Currency
                </label>
                <div
                  className="control"
                >
                  <div
                    className="select is-large"
                  >
                    <select
                      defaultValue="PLN"
                      disabled={false}
                      onChange={[Function]}
                    >
                      <option>
                        AED
                      </option>
                      <option>
                        AFN
                      </option>
                      <option>
                        ALL
                      </option>
                      <option>
                        AMD
                      </option>
                      <option>
                        ANG
                      </option>
                      <option>
                        AOA
                      </option>
                      <option>
                        ARS
                      </option>
                      <option>
                        AUD
                      </option>
                      <option>
                        AWG
                      </option>
                      <option>
                        AZN
                      </option>
                      <option>
                        BAM
                      </option>
                      <option>
                        BBD
                      </option>
                      <option>
                        BDT
                      </option>
                      <option>
                        BGN
                      </option>
                      <option>
                        BHD
                      </option>
                      <option>
                        BIF
                      </option>
                      <option>
                        BMD
                      </option>
                      <option>
                        BND
                      </option>
                      <option>
                        BOB
                      </option>
                      <option>
                        BOV
                      </option>
                      <option>
                        BRL
                      </option>
                      <option>
                        BSD
                      </option>
                      <option>
                        BTN
                      </option>
                      <option>
                        BWP
                      </option>
                      <option>
                        BYN
                      </option>
                      <option>
                        BZD
                      </option>
                      <option>
                        CAD
                      </option>
                      <option>
                        CDF
                      </option>
                      <option>
                        CHE
                      </option>
                      <option>
                        CHF
                      </option>
                      <option>
                        CHW
                      </option>
                      <option>
                        CLF
                      </option>
                      <option>
                        CLP
                      </option>
                      <option>
                        CNY
                      </option>
                      <option>
                        COP
                      </option>
                      <option>
                        COU
                      </option>
                      <option>
                        CRC
                      </option>
                      <option>
                        CUC
                      </option>
                      <option>
                        CUP
                      </option>
                      <option>
                        CVE
                      </option>
                      <option>
                        CZK
                      </option>
                      <option>
                        DJF
                      </option>
                      <option>
                        DKK
                      </option>
                      <option>
                        DOP
                      </option>
                      <option>
                        DZD
                      </option>
                      <option>
                        EGP
                      </option>
                      <option>
                        ERN
                      </option>
                      <option>
                        ETB
                      </option>
                      <option>
                        EUR
                      </option>
                      <option>
                        FJD
                      </option>
                      <option>
                        FKP
                      </option>
                      <option>
                        GBP
                      </option>
                      <option>
                        GEL
                      </option>
                      <option>
                        GHS
                      </option>
                      <option>
                        GIP
                      </option>
                      <option>
                        GMD
                      </option>
                      <option>
                        GNF
                      </option>
                      <option>
                        GTQ
                      </option>
                      <option>
                        GYD
                      </option>
                      <option>
                        HKD
                      </option>
                      <option>
                        HNL
                      </option>
                      <option>
                        HRK
                      </option>
                      <option>
                        HTG
                      </option>
                      <option>
                        HUF
                      </option>
                      <option>
                        IDR
                      </option>
                      <option>
                        ILS
                      </option>
                      <option>
                        INR
                      </option>
                      <option>
                        IQD
                      </option>
                      <option>
                        IRR
                      </option>
                      <option>
                        ISK
                      </option>
                      <option>
                        JMD
                      </option>
                      <option>
                        JOD
                      </option>
                      <option>
                        JPY
                      </option>
                      <option>
                        KES
                      </option>
                      <option>
                        KGS
                      </option>
                      <option>
                        KHR
                      </option>
                      <option>
                        KMF
                      </option>
                      <option>
                        KPW
                      </option>
                      <option>
                        KRW
                      </option>
                      <option>
                        KWD
                      </option>
                      <option>
                        KYD
                      </option>
                      <option>
                        KZT
                      </option>
                      <option>
                        LAK
                      </option>
                      <option>
                        LBP
                      </option>
                      <option>
                        LKR
                      </option>
                      <option>
                        LRD
                      </option>
                      <option>
                        LSL
                      </option>
                      <option>
                        LYD
                      </option>
                      <option>
                        MAD
                      </option>
                      <option>
                        MDL
                      </option>
                      <option>
                        MGA
                      </option>
                      <option>
                        MKD
                      </option>
                      <option>
                        MMK
                      </option>
                      <option>
                        MNT
                      </option>
                      <option>
                        MOP
                      </option>
                      <option>
                        MRU
                      </option>
                      <option>
                        MUR
                      </option>
                      <option>
                        MVR
                      </option>
                      <option>
                        MWK
                      </option>
                      <option>
                        MXN
                      </option>
                      <option>
                        MXV
                      </option>
                      <option>
                        MYR
                      </option>
                      <option>
                        MZN
                      </option>
                      <option>
                        NAD
                      </option>
                      <option>
                        NGN
                      </option>
                      <option>
                        NIO
                      </option>
                      <option>
                        NOK
                      </option>
                      <option>
                        NPR
                      </option>
                      <option>
                        NZD
                      </option>
                      <option>
                        OMR
                      </option>
                      <option>
                        PAB
                      </option>
                      <option>
                        PEN
                      </option>
                      <option>
                        PGK
                      </option>
                      <option>
                        PHP
                      </option>
                      <option>
                        PKR
                      </option>
                      <option>
                        PLN
                      </option>
                      <option>
                        PYG
                      </option>
                      <option>
                        QAR
                      </option>
                      <option>
                        RON
                      </option>
                      <option>
                        RSD
                      </option>
                      <option>
                        RUB
                      </option>
                      <option>
                        RWF
                      </option>
                      <option>
                        SAR
                      </option>
                      <option>
                        SBD
                      </option>
                      <option>
                        SCR
                      </option>
                      <option>
                        SDG
                      </option>
                      <option>
                        SEK
                      </option>
                      <option>
                        SGD
                      </option>
                      <option>
                        SHP
                      </option>
                      <option>
                        SLL
                      </option>
                      <option>
                        SOS
                      </option>
                      <option>
                        SRD
                      </option>
                      <option>
                        SSP
                      </option>
                      <option>
                        STN
                      </option>
                      <option>
                        SVC
                      </option>
                      <option>
                        SYP
                      </option>
                      <option>
                        SZL
                      </option>
                      <option>
                        THB
                      </option>
                      <option>
                        TJS
                      </option>
                      <option>
                        TMT
                      </option>
                      <option>
                        TND
                      </option>
                      <option>
                        TOP
                      </option>
                      <option>
                        TRY
                      </option>
                      <option>
                        TTD
                      </option>
                      <option>
                        TWD
                      </option>
                      <option>
                        TZS
                      </option>
                      <option>
                        UAH
                      </option>
                      <option>
                        UGX
                      </option>
                      <option>
                        USD
                      </option>
                      <option>
                        USN
                      </option>
                      <option>
                        UYI
                      </option>
                      <option>
                        UYU
                      </option>
                      <option>
                        UYW
                      </option>
                      <option>
                        UZS
                      </option>
                      <option>
                        VES
                      </option>
                      <option>
                        VND
                      </option>
                      <option>
                        VUV
                      </option>
                      <option>
                        WST
                      </option>
                      <option>
                        XAF
                      </option>
                      <option>
                        XAG
                      </option>
                      <option>
                        XAU
                      </option>
                      <option>
                        XBA
                      </option>
                      <option>
                        XBB
                      </option>
                      <option>
                        XBC
                      </option>
                      <option>
                        XBD
                      </option>
                      <option>
                        XCD
                      </option>
                      <option>
                        XDR
                      </option>
                      <option>
                        XOF
                      </option>
                      <option>
                        XPD
                      </option>
                      <option>
                        XPF
                      </option>
                      <option>
                        XPT
                      </option>
                      <option>
                        XSU
                      </option>
                      <option>
                        XTS
                      </option>
                      <option>
                        XUA
                      </option>
                      <option>
                        XXX
                      </option>
                      <option>
                        YER
                      </option>
                      <option>
                        ZAR
                      </option>
                      <option>
                        ZMW
                      </option>
                      <option>
                        ZWL
                      </option>
                    </select>
                  </div>
                </div>
              </div>
            </div>
            <div
              className="control is-expanded"
            >
              <div
                className="field is-align-items-flex-end"
              >
                <label
                  className="label"
                >
                  Amount
                </label>
                <div
                  className="control"
                >
                  <input
                    className="input is-large"
                    disabled={false}
                    min={0.01}
                    onChange={[Function]}
                    type="number"
                  />
                </div>
              </div>
            </div>
          </div>
        </div>
        <div
          className="column"
        >
          <div
            className="field has-addons is-align-items-flex-end"
          >
            <div
              className="control"
            >
              <div
                className="field"
              >
                <label
                  className="label"
                >
                  Currency
                </label>
                <div
                  className="control"
                >
                  <div
                    className="select is-large"
                  >
                    <select
                      defaultValue="EUR"
                      disabled={false}
                      onChange={[Function]}
                    >
                      <option>
                        AED
                      </option>
                      <option>
                        AFN
                      </option>
                      <option>
                        ALL
                      </option>
                      <option>
                        AMD
                      </option>
                      <option>
                        ANG
                      </option>
                      <option>
                        AOA
                      </option>
                      <option>
                        ARS
                      </option>
                      <option>
                        AUD
                      </option>
                      <option>
                        AWG
                      </option>
                      <option>
                        AZN
                      </option>
                      <option>
                        BAM
                      </option>
                      <option>
                        BBD
                      </option>
                      <option>
                        BDT
                      </option>
                      <option>
                        BGN
                      </option>
                      <option>
                        BHD
                      </option>
                      <option>
                        BIF
                      </option>
                      <option>
                        BMD
                      </option>
                      <option>
                        BND
                      </option>
                      <option>
                        BOB
                      </option>
                      <option>
                        BOV
                      </option>
                      <option>
                        BRL
                      </option>
                      <option>
                        BSD
                      </option>
                      <option>
                        BTN
                      </option>
                      <option>
                        BWP
                      </option>
                      <option>
                        BYN
                      </option>
                      <option>
                        BZD
                      </option>
                      <option>
                        CAD
                      </option>
                      <option>
                        CDF
                      </option>
                      <option>
                        CHE
                      </option>
                      <option>
                        CHF
                      </option>
                      <option>
                        CHW
                      </option>
                      <option>
                        CLF
                      </option>
                      <option>
                        CLP
                      </option>
                      <option>
                        CNY
                      </option>
                      <option>
                        COP
                      </option>
                      <option>
                        COU
                      </option>
                      <option>
                        CRC
                      </option>
                      <option>
                        CUC
                      </option>
                      <option>
                        CUP
                      </option>
                      <option>
                        CVE
                      </option>
                      <option>
                        CZK
                      </option>
                      <option>
                        DJF
                      </option>
                      <option>
                        DKK
                      </option>
                      <option>
                        DOP
                      </option>
                      <option>
                        DZD
                      </option>
                      <option>
                        EGP
                      </option>
                      <option>
                        ERN
                      </option>
                      <option>
                        ETB
                      </option>
                      <option>
                        EUR
                      </option>
                      <option>
                        FJD
                      </option>
                      <option>
                        FKP
                      </option>
                      <option>
                        GBP
                      </option>
                      <option>
                        GEL
                      </option>
                      <option>
                        GHS
                      </option>
                      <option>
                        GIP
                      </option>
                      <option>
                        GMD
                      </option>
                      <option>
                        GNF
                      </option>
                      <option>
                        GTQ
                      </option>
                      <option>
                        GYD
                      </option>
                      <option>
                        HKD
                      </option>
                      <option>
                        HNL
                      </option>
                      <option>
                        HRK
                      </option>
                      <option>
                        HTG
                      </option>
                      <option>
                        HUF
                      </option>
                      <option>
                        IDR
                      </option>
                      <option>
                        ILS
                      </option>
                      <option>
                        INR
                      </option>
                      <option>
                        IQD
                      </option>
                      <option>
                        IRR
                      </option>
                      <option>
                        ISK
                      </option>
                      <option>
                        JMD
                      </option>
                      <option>
                        JOD
                      </option>
                      <option>
                        JPY
                      </option>
                      <option>
                        KES
                      </option>
                      <option>
                        KGS
                      </option>
                      <option>
                        KHR
                      </option>
                      <option>
                        KMF
                      </option>
                      <option>
                        KPW
                      </option>
                      <option>
                        KRW
                      </option>
                      <option>
                        KWD
                      </option>
                      <option>
                        KYD
                      </option>
                      <option>
                        KZT
                      </option>
                      <option>
                        LAK
                      </option>
                      <option>
                        LBP
                      </option>
                      <option>
                        LKR
                      </option>
                      <option>
                        LRD
                      </option>
                      <option>
                        LSL
                      </option>
                      <option>
                        LYD
                      </option>
                      <option>
                        MAD
                      </option>
                      <option>
                        MDL
                      </option>
                      <option>
                        MGA
                      </option>
                      <option>
                        MKD
                      </option>
                      <option>
                        MMK
                      </option>
                      <option>
                        MNT
                      </option>
                      <option>
                        MOP
                      </option>
                      <option>
                        MRU
                      </option>
                      <option>
                        MUR
                      </option>
                      <option>
                        MVR
                      </option>
                      <option>
                        MWK
                      </option>
                      <option>
                        MXN
                      </option>
                      <option>
                        MXV
                      </option>
                      <option>
                        MYR
                      </option>
                      <option>
                        MZN
                      </option>
                      <option>
                        NAD
                      </option>
                      <option>
                        NGN
                      </option>
                      <option>
                        NIO
                      </option>
                      <option>
                        NOK
                      </option>
                      <option>
                        NPR
                      </option>
                      <option>
                        NZD
                      </option>
                      <option>
                        OMR
                      </option>
                      <option>
                        PAB
                      </option>
                      <option>
                        PEN
                      </option>
                      <option>
                        PGK
                      </option>
                      <option>
                        PHP
                      </option>
                      <option>
                        PKR
                      </option>
                      <option>
                        PLN
                      </option>
                      <option>
                        PYG
                      </option>
                      <option>
                        QAR
                      </option>
                      <option>
                        RON
                      </option>
                      <option>
                        RSD
                      </option>
                      <option>
                        RUB
                      </option>
                      <option>
                        RWF
                      </option>
                      <option>
                        SAR
                      </option>
                      <option>
                        SBD
                      </option>
                      <option>
                        SCR
                      </option>
                      <option>
                        SDG
                      </option>
                      <option>
                        SEK
                      </option>
                      <option>
                        SGD
                      </option>
                      <option>
                        SHP
                      </option>
                      <option>
                        SLL
                      </option>
                      <option>
                        SOS
                      </option>
                      <option>
                        SRD
                      </option>
                      <option>
                        SSP
                      </option>
                      <option>
                        STN
                      </option>
                      <option>
                        SVC
                      </option>
                      <option>
                        SYP
                      </option>
                      <option>
                        SZL
                      </option>
                      <option>
                        THB
                      </option>
                      <option>
                        TJS
                      </option>
                      <option>
                        TMT
                      </option>
                      <option>
                        TND
                      </option>
                      <option>
                        TOP
                      </option>
                      <option>
                        TRY
                      </option>
                      <option>
                        TTD
                      </option>
                      <option>
                        TWD
                      </option>
                      <option>
                        TZS
                      </option>
                      <option>
                        UAH
                      </option>
                      <option>
                        UGX
                      </option>
                      <option>
                        USD
                      </option>
                      <option>
                        USN
                      </option>
                      <option>
                        UYI
                      </option>
                      <option>
                        UYU
                      </option>
                      <option>
                        UYW
                      </option>
                      <option>
                        UZS
                      </option>
                      <option>
                        VES
                      </option>
                      <option>
                        VND
                      </option>
                      <option>
                        VUV
                      </option>
                      <option>
                        WST
                      </option>
                      <option>
                        XAF
                      </option>
                      <option>
                        XAG
                      </option>
                      <option>
                        XAU
                      </option>
                      <option>
                        XBA
                      </option>
                      <option>
                        XBB
                      </option>
                      <option>
                        XBC
                      </option>
                      <option>
                        XBD
                      </option>
                      <option>
                        XCD
                      </option>
                      <option>
                        XDR
                      </option>
                      <option>
                        XOF
                      </option>
                      <option>
                        XPD
                      </option>
                      <option>
                        XPF
                      </option>
                      <option>
                        XPT
                      </option>
                      <option>
                        XSU
                      </option>
                      <option>
                        XTS
                      </option>
                      <option>
                        XUA
                      </option>
                      <option>
                        XXX
                      </option>
                      <option>
                        YER
                      </option>
                      <option>
                        ZAR
                      </option>
                      <option>
                        ZMW
                      </option>
                      <option>
                        ZWL
                      </option>
                    </select>
                  </div>
                </div>
              </div>
            </div>
            <div
              className="control is-expanded"
            >
              <div
                className="field is-align-items-flex-end"
              >
                <label
                  className="label"
                >
                  Amount
                </label>
                <div
                  className="control"
                >
                  <input
                    className="input is-large"
                    disabled={false}
                    min={0.01}
                    onChange={[Function]}
                    type="number"
                  />
                </div>
              </div>
            </div>
          </div>
        </div>
      </div>
    </section>
  </div>
</div>
`;
